../Core/Src/main.c:65:6:canTaskFunction	16	static
../Core/Src/main.c:72:6:spiTaskFunction	16	static
../Core/Src/main.c:85:5:main	40	static,ignoring_inline_asm
../Core/Src/main.c:144:6:SystemClock_Config	88	static
../Core/Src/main.c:191:13:MX_USART3_UART_Init	8	static
../Core/Src/main.c:224:13:MX_USB_OTG_FS_PCD_Init	8	static
../Core/Src/main.c:260:13:MX_GPIO_Init	56	static
../Core/Src/main.c:322:6:HAL_TIM_PeriodElapsedCallback	16	static
../Core/Src/main.c:339:6:Error_Handler	4	static,ignoring_inline_asm
